🚀 Rubik's Cube Backend Server running on http://localhost:8081
📊 Health check: http://localhost:8081/api/health
2026-02-05T13:03:44.165380  0:00:00.047467 GET     [200] /api/health
2026-02-05T13:03:44.594327  0:00:00.000623 GET     [200] /api/health
2026-02-05T13:03:44.890010  0:00:00.000538 GET     [200] /api/health
2026-02-05T13:03:45.381325  0:00:00.001471 GET     [200] /api/health
2026-02-05T13:04:29.331191  0:00:00.002121 GET     [200] /api/health
2026-02-05T13:04:29.346524  0:00:00.001170 GET     [200] /api/health
2026-02-05T13:04:32.553592  0:00:00.000474 GET     [200] /api/health
2026-02-05T13:04:32.574069  0:00:00.001147 GET     [200] /api/health
2026-02-05T13:04:36.314584  0:00:00.003347 GET     [200] /api/health
2026-02-05T13:04:36.359283  0:00:00.001021 GET     [200] /api/health
2026-02-05T13:11:36.387523  0:00:00.000978 GET     [200] /api/health
2026-02-05T13:11:36.400794  0:00:00.000678 GET     [200] /api/health
2026-02-05T13:12:55.958526  0:00:00.258080 POST    [200] /api/solve
2026-02-05T13:15:58.925567  0:00:00.000710 GET     [200] /api/health
2026-02-05T13:15:58.936020  0:00:00.000988 GET     [200] /api/health
2026-02-05T15:38:55.838850  0:00:00.003739 GET     [200] /api/health
2026-02-05T15:41:14.793533  0:00:00.001305 GET     [200] /api/health
2026-02-05T15:41:14.822568  0:00:00.000977 GET     [200] /api/health
2026-02-05T15:45:26.415821  0:00:00.000424 GET     [200] /api/health
2026-02-05T15:45:57.770551  0:00:00.000811 GET     [200] /api/health
2026-02-05T15:45:57.783522  0:00:00.000485 GET     [200] /api/health
2026-02-05T15:47:48.131187  0:00:00.000448 GET     [200] /api/health
2026-02-05T15:48:17.870485  0:00:00.002161 GET     [200] /api/health
2026-02-05T15:48:17.897923  0:00:00.000504 GET     [200] /api/health
2026-02-05T15:55:37.596810  0:00:00.000371 GET     [200] /api/health
2026-02-05T15:56:12.631449  0:00:00.000724 GET     [200] /api/health
2026-02-05T15:56:12.639  0:00:00.000536 GET     [200] /api/health
2026-02-05T15:56:51.554729  0:00:00.000483 GET     [200] /api/health
2026-02-05T15:56:51.559841  0:00:00.000563 GET     [200] /api/health
2026-02-05T15:57:35.099816  0:00:00.000431 GET     [200] /api/health
2026-02-05T15:57:40.686324  0:00:00.000564 GET     [200] /api/health
2026-02-05T15:57:40.737907  0:00:00.000996 GET     [200] /api/health
2026-02-05T16:00:56.155631  0:00:00.000322 GET     [200] /api/health
2026-02-05T16:02:56.112886  0:00:00.000376 GET     [200] /api/health
2026-02-05T16:10:19.295411  0:00:00.000681 GET     [200] /api/health
2026-02-05T16:10:19.301056  0:00:00.000500 GET     [200] /api/health
2026-02-05T16:10:52.429501  0:00:00.018854 GET     [200] /api/history
2026-02-05T16:10:52.451003  0:00:00.005163 GET     [200] /api/history
2026-02-05T16:11:04.323882  0:00:00.000677 GET     [200] /api/health
2026-02-05T16:11:04.335366  0:00:00.001010 GET     [200] /api/health
2026-02-05T16:11:06.140339  0:00:00.007894 GET     [200] /api/history
2026-02-05T16:11:06.153014  0:00:00.005838 GET     [200] /api/history
2026-02-05T16:11:48.694542  0:00:00.001822 GET     [200] /api/health
2026-02-05T16:11:48.703642  0:00:00.001900 GET     [200] /api/health
2026-02-05T16:16:15.148616  0:00:00.227904 POST    [200] /api/solve
2026-02-05T16:38:35.856558  0:00:00.004811 GET     [200] /api/health
2026-02-05T16:38:35.870419  0:00:00.000586 GET     [200] /api/health
2026-02-05T16:40:38.160253  0:00:00.000597 GET     [200] /api/health
2026-02-05T16:40:38.169759  0:00:00.000616 GET     [200] /api/health
2026-02-05T16:41:58.790275  0:00:00.241169 POST    [200] /api/solve
2026-02-05T16:43:09.716823  0:00:00.001708 GET     [200] /api/health
2026-02-05T16:43:09.725657  0:00:00.001713 GET     [200] /api/health
2026-02-05T16:45:38.640727  0:00:00.150600 POST    [200] /api/solve
2026-02-06T15:10:14.678365  0:00:00.002764 GET     [200] /api/health
2026-02-06T15:10:14.693123  0:00:00.002208 GET     [200] /api/health
2026-02-06T15:10:16.041387  0:00:00.010721 GET     [200] /api/history
2026-02-06T15:10:16.055781  0:00:00.004380 GET     [200] /api/history
2026-02-06T15:16:11.150887  0:00:00.000485 GET     [200] /api/health
2026-02-06T15:16:11.165405  0:00:00.000702 GET     [200] /api/health
2026-02-10T09:10:21.024248  0:00:00.005290 GET     [200] /api/health
2026-02-10T09:10:21.038951  0:00:00.000524 GET     [200] /api/health
2026-02-10T09:14:54.519428  0:00:00.591234 POST    [200] /api/solve
2026-02-10T09:16:38.321291  0:00:00.000872 GET     [200] /api/health
2026-02-10T09:16:38.326338  0:00:00.001198 GET     [200] /api/health
2026-02-10T09:19:42.732491  0:00:00.212738 POST    [500] /api/solve
2026-02-10T09:19:51.841061  0:00:00.275331 POST    [500] /api/solve
2026-02-10T09:19:57.953060  0:00:00.126527 POST    [500] /api/solve
2026-02-10T09:20:51.242927  0:00:00.003589 GET     [200] /
2026-02-10T09:20:51.492289  0:00:00.001845 GET     [404] /favicon.ico
2026-02-10T09:21:38.380689  0:00:00.174247 POST    [500] /api/solve
2026-02-10T09:21:39.207960  0:00:00.121679 POST    [500] /api/solve
2026-02-10T09:21:39.962288  0:00:00.132479 POST    [500] /api/solve
2026-02-10T09:21:40.126066  0:00:00.115408 POST    [500] /api/solve
2026-02-10T09:21:47.302496  0:00:00.134826 POST    [500] /api/solve
2026-02-10T09:21:51.874059  0:00:00.000599 GET     [200] /api/health
2026-02-10T09:21:51.902933  0:00:00.000568 GET     [200] /api/health
2026-02-10T09:22:36.553267  0:00:00.000072 GET     [404] /health
2026-02-10T09:22:53.936272  0:00:00.000199 GET     [200] /api/health
2026-02-10T09:23:29.327968  0:00:00.000352 GET     [200] /api/health
2026-02-10T09:23:29.361315  0:00:00.000314 GET     [200] /api/health
2026-02-10T09:24:57.735011  0:00:00.002099 GET     [200] /api/health
2026-02-10T09:24:57.788201  0:00:00.001180 GET     [200] /api/health
2026-02-10T09:28:50.029296  0:00:00.172037 POST    [500] /api/solve
2026-02-10T09:28:52.900996  0:00:00.095478 POST    [500] /api/solve
2026-02-10T09:28:53.864952  0:00:00.096590 POST    [500] /api/solve
2026-02-10T09:28:54.316476  0:00:00.098813 POST    [500] /api/solve
2026-02-10T09:28:54.500892  0:00:00.103451 POST    [500] /api/solve
2026-02-10T09:28:54.667326  0:00:00.095368 POST    [500] /api/solve
2026-02-10T09:28:54.819133  0:00:00.094292 POST    [500] /api/solve
2026-02-10T09:30:35.317739  0:00:00.093036 POST    [200] /api/solve
2026-02-10T09:31:54.220505  0:00:00.001723 GET     [200] /api/health
2026-02-10T09:31:54.232890  0:00:00.000667 GET     [200] /api/health
2026-02-10T09:32:40.394175  0:00:00.000343 GET     [200] /api/health
2026-02-10T09:32:40.398269  0:00:00.000415 GET     [200] /api/health
2026-02-10T09:40:18.523989  0:00:00.008524 GET     [200] /api/history
2026-02-10T09:40:18.538188  0:00:00.011186 GET     [200] /api/history
2026-02-10T09:41:53.233676  0:00:00.006642 GET     [200] /api/history
2026-02-10T09:41:53.254195  0:00:00.014408 GET     [200] /api/history
2026-02-10T09:43:37.474207  0:00:00.009076 GET     [200] /api/history
2026-02-10T09:43:37.490898  0:00:00.032302 GET     [200] /api/history
2026-02-10T09:48:37.309562  0:00:00.008783 GET     [200] /api/history
2026-02-10T09:48:37.321737  0:00:00.003948 GET     [200] /api/history
2026-02-10T09:52:53.574622  0:00:00.251889 POST    [500] /api/solve
2026-02-10T09:52:57.772876  0:00:00.130088 POST    [500] /api/solve
2026-02-10T09:52:58.095662  0:00:00.150953 POST    [500] /api/solve
2026-02-10T09:56:42.424986  0:00:00.000600 GET     [200] /api/health
2026-02-10T09:56:42.431253  0:00:00.000482 GET     [200] /api/health
2026-02-10T09:56:49.626512  0:00:00.012383 HEAD    [200] /
2026-02-10T09:57:33.487462  0:00:00.000593 GET     [200] /api/health
2026-02-10T09:57:33.492344  0:00:00.000891 GET     [200] /api/health
2026-02-10T09:57:43.492209  0:00:00.140530 POST    [500] /api/solve
2026-02-10T09:57:51.097159  0:00:00.092788 POST    [500] /api/solve
2026-02-10T09:59:59.508088  0:00:00.102920 POST    [200] /api/solve
2026-02-10T10:00:41.287752  0:00:00.101694 POST    [500] /api/solve
2026-02-10T10:00:52.080755  0:00:00.097658 POST    [200] /api/solve
2026-02-10T10:01:03.752201  0:00:00.097459 POST    [200] /api/solve
2026-02-10T10:01:14.537742  0:00:00.099642 POST    [500] /api/solve
2026-02-10T10:01:43.846994  0:00:00.000927 GET     [200] /api/health
2026-02-10T10:01:50.180942  0:00:00.000384 GET     [200] /api/health
